Sun,31 Mar 2019 17:39:08 Logging模块.py [line:24] DEBUG debug
Sun,31 Mar 2019 17:39:08 Logging模块.py [line:25] INFO info
Sun,31 Mar 2019 17:39:08 Logging模块.py [line:26] WARNING warning
Sun,31 Mar 2019 17:39:08 Logging模块.py [line:27] ERROR error
Sun,31 Mar 2019 17:39:08 Logging模块.py [line:28] CRITICAL critical
2019-03-31 17:52:59,276 Logging模块.py [line:51] WARNING warning
2019-03-31 17:52:59,276 Logging模块.py [line:52] ERROR error
2019-03-31 17:52:59,276 Logging模块.py [line:53] CRITICAL critical
